../Drivers/CMSIS/Include/core_cm4.h:1676:26:__NVIC_GetPriorityGrouping	4	static
../Drivers/CMSIS/Include/core_cm4.h:1688:22:__NVIC_EnableIRQ	16	static
../Drivers/CMSIS/Include/core_cm4.h:1816:22:__NVIC_SetPriority	16	static
../Drivers/CMSIS/Include/core_cm4.h:1863:26:NVIC_EncodePriority	40	static
../Src/LCD_Lib.c:54:6:LCD_Ini	16	static
../Src/LCD_Lib.c:80:15:LCD_Busy	16	static
../Src/LCD_Lib.c:90:6:LCD_WriteControl	16	static
../Src/LCD_Lib.c:105:6:LCD_Caracter	16	static
../Src/LCD_Lib.c:120:6:LCD_Clear	8	static
../Src/LCD_Lib.c:125:6:LCD_Home	8	static
../Src/LCD_Lib.c:130:6:LCD_Cursor_On	8	static
../Src/LCD_Lib.c:135:6:LCD_Cursor_Off	8	static
../Src/LCD_Lib.c:140:6:LCD_Display_Off	8	static
../Src/LCD_Lib.c:145:6:LCD_Display_On	8	static
../Src/LCD_Lib.c:150:6:LCD_Blink_On	8	static
../Src/LCD_Lib.c:155:6:LCD_Shift_RALL	8	static
../Src/LCD_Lib.c:160:6:LCD_Shift_LALL	8	static
../Src/LCD_Lib.c:165:6:LCD_Shift_R	8	static
../Src/LCD_Lib.c:170:6:LCD_Shift_L	8	static
../Src/LCD_Lib.c:175:6:LCD_Cursor	16	static
../Src/LCD_Lib.c:185:6:LCD_Cadena_F	16	static
../Src/LCD_Lib.c:192:6:LCD_Cadena	16	static
../Src/main.c:33:5:main	8	static
../Src/main.c:73:6:ConfiguraPerifericos	16	static
../Src/main.c:218:6:concaA	16	static
../Src/main.c:224:7:delay_X	16	static
../Src/main.c:225:7:delay_ms	16	static
../Src/main.c:230:8:TIM3_IRQHandler	16	static
../Src/main.c:248:7:EXTI0_IRQHandler	4	static
../Src/main.c:258:7:EXTI4_IRQHandler	4	static
../Src/main.c:266:7:EXTI1_IRQHandler	4	static
../Src/main.c:277:9:EXTI2_IRQHandler	4	static
../Src/main.c:289:7:EXTI9_5_IRQHandler	4	static
../Src/main.c:296:7:EXTI15_10_IRQHandler	4	static
../Src/main.c:305:7:izquierda	8	static
../Src/main.c:323:7:derecha	8	static
../Src/main.c:339:7:stop	8	static
../Src/main.c:351:6:start	8	static
../Src/main.c:367:8:display	8	static
../Src/main.c:394:8:seg	8	static
../Src/main.c:464:10:min	8	static
../Src/main.c:534:10:hhrs	8	static
